// Jest Snapshot v1, https://goo.gl/fbAQLP

exports[`matches snapshot 1`] = `
<DocumentFragment>
  <div>
    <div>
      <p>
        I can haz
      </p>
      <img
        alt="meme"
        src="https://i.ytimg.com/vi/I7jgu-8scIA/maxresdefault.jpg"
      />
      <p>
        react tests
      </p>
      <button>
        Remove!
      </button>
    </div>
  </div>
</DocumentFragment>
`;
